     0 ms TEMP: Temp reading 25.10 C
     0 ms ACCEL: Accel reading 0.070 g
     0 ms BG: Filtered temp 25.01 C
     0 ms COMM: TX temp25.10C, filt25.01C, accel0.070g
    50 ms ACCEL: Accel reading 0.214 g
   100 ms TEMP: Temp reading 25.15 C
   100 ms ACCEL: Accel reading 0.517 g
   150 ms ACCEL: Accel reading 0.971 g
   200 ms TEMP: Temp reading 25.21 C
   200 ms ACCEL: Accel reading 1.433 g
   200 ms BG: Filtered temp 25.03 C
   250 ms ACCEL: Accel reading 2.146 g
   300 ms TEMP: Temp reading 25.11 C
   300 ms ACCEL: Accel reading 3.363 g
   350 ms ACCEL: Accel reading 5.106 g
   400 ms TEMP: Temp reading 25.13 C
   400 ms ACCEL: Accel reading 7.759 g
   400 ms BG: Filtered temp 25.04 C
   450 ms ACCEL: Accel reading 11.716 g
   500 ms TEMP: Temp reading 25.14 C
   500 ms ACCEL: Accel reading 17.537 g
   500 ms COMM: TX temp25.14C, filt25.04C, accel17.537g
   550 ms ACCEL: Accel reading 26.193 g
   600 ms TEMP: Temp reading 25.09 C
   600 ms ACCEL: Accel reading 39.120 g
   600 ms BG: Filtered temp 25.05 C
   650 ms ACCEL: Accel reading 58.789 g
   700 ms TEMP: Temp reading 25.17 C
   700 ms ACCEL: Accel reading 88.312 g
   750 ms ACCEL: Accel reading 132.379 g
   800 ms TEMP: Temp reading 25.24 C
   800 ms ACCEL: Accel reading 198.714 g
   800 ms BG: Filtered temp 25.07 C
   850 ms ACCEL: Accel reading 298.014 g
   900 ms TEMP: Temp reading 25.18 C
   900 ms ACCEL: Accel reading 447.125 g
   950 ms ACCEL: Accel reading 670.524 g
  1000 ms TEMP: Temp reading 25.18 C
  1000 ms ACCEL: Accel reading 1005.844 g
  1000 ms BG: Filtered temp 25.08 C
  1000 ms COMM: TX temp25.18C, filt25.08C, accel1005.844g
  1050 ms ACCEL: Accel reading 1508.942 g
  1100 ms TEMP: Temp reading 25.19 C
  1100 ms ACCEL: Accel reading 2263.336 g
  1150 ms ACCEL: Accel reading 3395.070 g
  1200 ms TEMP: Temp reading 25.28 C
  1200 ms ACCEL: Accel reading 5092.438 g
  1200 ms BG: Filtered temp 25.10 C
  1250 ms ACCEL: Accel reading 7638.570 g
  1300 ms TEMP: Temp reading 25.31 C
  1300 ms ACCEL: Accel reading 11457.811 g
  1350 ms ACCEL: Accel reading 17186.793 g
  1400 ms TEMP: Temp reading 25.35 C
  1400 ms ACCEL: Accel reading 25780.312 g
  1400 ms BG: Filtered temp 25.12 C
  1450 ms ACCEL: Accel reading 38670.375 g
  1500 ms TEMP: Temp reading 25.30 C
  1500 ms ACCEL: Accel reading 58005.730 g
  1500 ms COMM: TX temp25.30C, filt25.12C, accel58005.730g
  1550 ms ACCEL: Accel reading 87008.648 g
  1600 ms TEMP: Temp reading 25.34 C
  1600 ms ACCEL: Accel reading 130513.031 g
  1600 ms BG: Filtered temp 25.14 C
  1650 ms ACCEL: Accel reading 195769.406 g
  1700 ms TEMP: Temp reading 25.26 C
  1700 ms ACCEL: Accel reading 293654.219 g
  1750 ms ACCEL: Accel reading 440481.312 g
  1800 ms TEMP: Temp reading 25.31 C
  1800 ms ACCEL: Accel reading 660721.875 g
  1800 ms BG: Filtered temp 25.16 C
  1850 ms ACCEL: Accel reading 991082.625 g
  1900 ms TEMP: Temp reading 25.29 C
  1900 ms ACCEL: Accel reading 1486623.750 g
  1950 ms ACCEL: Accel reading 2229935.750 g
  2000 ms TEMP: Temp reading 25.38 C
  2000 ms ACCEL: Accel reading 3344903.500 g
  2000 ms BG: Filtered temp 25.18 C
  2000 ms COMM: TX temp25.38C, filt25.18C, accel3344903.500g
  2050 ms ACCEL: Accel reading 5017355.500 g
  2100 ms TEMP: Temp reading 25.46 C
  2100 ms ACCEL: Accel reading 7526033.000 g
  2150 ms ACCEL: Accel reading 11289050.000 g
  2200 ms TEMP: Temp reading 25.41 C
  2200 ms ACCEL: Accel reading 16933576.000 g
  2200 ms BG: Filtered temp 25.20 C
  2250 ms ACCEL: Accel reading 25400364.000 g
  2300 ms TEMP: Temp reading 25.37 C
  2300 ms ACCEL: Accel reading 38100544.000 g
  2350 ms ACCEL: Accel reading 57150816.000 g
  2400 ms TEMP: Temp reading 25.37 C
  2400 ms ACCEL: Accel reading 85726224.000 g
  2400 ms BG: Filtered temp 25.22 C
  2450 ms ACCEL: Accel reading 128589336.000 g
  2500 ms TEMP: Temp reading 25.46 C
  2500 ms ACCEL: Accel reading 192884000.000 g
  2500 ms COMM: TX temp25.46C, filt25.22C, accel192884000.000g
  2550 ms ACCEL: Accel reading 289326016.000 g
  2600 ms TEMP: Temp reading 25.40 C
  2600 ms ACCEL: Accel reading 433989024.000 g
  2600 ms BG: Filtered temp 25.24 C
  2650 ms ACCEL: Accel reading 650983552.000 g
  2700 ms TEMP: Temp reading 25.31 C
  2700 ms ACCEL: Accel reading 976475328.000 g
  2750 ms ACCEL: Accel reading 1464712960.000 g
  2800 ms TEMP: Temp reading 25.35 C
  2800 ms ACCEL: Accel reading 2197069312.000 g
  2800 ms BG: Filtered temp 25.25 C
  2850 ms ACCEL: Accel reading 3295603968.000 g
  2900 ms TEMP: Temp reading 25.36 C
  2900 ms ACCEL: Accel reading 4943406080.000 g
  2950 ms ACCEL: Accel reading 7415109120.000 g
  3000 ms TEMP: Temp reading 25.33 C
  3000 ms ACCEL: Accel reading 11122663424.000 g
  3000 ms BG: Filtered temp 25.26 C
  3000 ms COMM: TX temp25.33C, filt25.26C, accel11122663424.000g
  3050 ms ACCEL: Accel reading 16683995136.000 g
  3100 ms TEMP: Temp reading 25.34 C
  3100 ms ACCEL: Accel reading 25025992704.000 g
  3150 ms ACCEL: Accel reading 37538988032.000 g
  3200 ms TEMP: Temp reading 25.36 C
  3200 ms ACCEL: Accel reading 56308482048.000 g
  3200 ms BG: Filtered temp 25.27 C
  3250 ms ACCEL: Accel reading 84462723072.000 g
  3300 ms TEMP: Temp reading 25.39 C
  3300 ms ACCEL: Accel reading 126694080512.000 g
  3350 ms ACCEL: Accel reading 190041128960.000 g
  3400 ms TEMP: Temp reading 25.31 C
  3400 ms ACCEL: Accel reading 285061677056.000 g
  3400 ms BG: Filtered temp 25.27 C
  3450 ms ACCEL: Accel reading 427592515584.000 g
  3500 ms TEMP: Temp reading 25.30 C
  3500 ms ACCEL: Accel reading 641388773376.000 g
  3500 ms COMM: TX temp25.30C, filt25.27C, accel641388773376.000g
  3550 ms ACCEL: Accel reading 962083160064.000 g
  3600 ms TEMP: Temp reading 25.26 C
  3600 ms ACCEL: Accel reading 1443124740096.000 g
  3600 ms BG: Filtered temp 25.27 C
  3650 ms ACCEL: Accel reading 2164687110144.000 g
  3700 ms TEMP: Temp reading 25.18 C
  3700 ms ACCEL: Accel reading 3247030665216.000 g
  3750 ms ACCEL: Accel reading 4870545866752.000 g
  3800 ms TEMP: Temp reading 25.14 C
  3800 ms ACCEL: Accel reading 7305819062272.000 g
  3800 ms BG: Filtered temp 25.26 C
  3850 ms ACCEL: Accel reading 10958728593408.000 g
  3900 ms TEMP: Temp reading 25.09 C
  3900 ms ACCEL: Accel reading 16438092890112.000 g
  3950 ms ACCEL: Accel reading 24657138810880.000 g
  4000 ms TEMP: Temp reading 25.18 C
  4000 ms ACCEL: Accel reading 36985708216320.000 g
  4000 ms BG: Filtered temp 25.25 C
  4000 ms COMM: TX temp25.18C, filt25.25C, accel36985708216320.000g
  4050 ms ACCEL: Accel reading 55478562324480.000 g
  4100 ms TEMP: Temp reading 25.26 C
  4100 ms ACCEL: Accel reading 83217843486720.000 g
  4150 ms ACCEL: Accel reading 124826765230080.000 g
  4200 ms TEMP: Temp reading 25.16 C
  4200 ms ACCEL: Accel reading 187240139456512.000 g
  4200 ms BG: Filtered temp 25.24 C
  4250 ms ACCEL: Accel reading 280860209184768.000 g
  4300 ms TEMP: Temp reading 25.20 C
  4300 ms ACCEL: Accel reading 421290322165760.000 g
  4350 ms ACCEL: Accel reading 631935449694208.000 g
  4400 ms TEMP: Temp reading 25.14 C
  4400 ms ACCEL: Accel reading 947903174541312.000 g
  4400 ms BG: Filtered temp 25.23 C
  4450 ms ACCEL: Accel reading 1421854828920832.000 g
  4500 ms TEMP: Temp reading 25.19 C
  4500 ms ACCEL: Accel reading 2132782243381248.000 g
  4500 ms COMM: TX temp25.19C, filt25.23C, accel2132782243381248.000g
  4550 ms ACCEL: Accel reading 3199173499289600.000 g
  4600 ms TEMP: Temp reading 25.23 C
  4600 ms ACCEL: Accel reading 4798760517369856.000 g
  4600 ms BG: Filtered temp 25.23 C
  4650 ms ACCEL: Accel reading 7198140776054784.000 g
  4700 ms TEMP: Temp reading 25.14 C
  4700 ms ACCEL: Accel reading 10797210627211264.000 g
  4750 ms ACCEL: Accel reading 16195815940816896.000 g
  4800 ms TEMP: Temp reading 25.08 C
  4800 ms ACCEL: Accel reading 24293724448096256.000 g
  4800 ms BG: Filtered temp 25.22 C
  4850 ms ACCEL: Accel reading 36440585598402560.000 g
  4900 ms TEMP: Temp reading 25.13 C
  4900 ms ACCEL: Accel reading 54660880545087488.000 g
  4950 ms ACCEL: Accel reading 81991320817631232.000 g
  5000 ms TEMP: Temp reading 25.11 C
  5000 ms ACCEL: Accel reading 122986981226446848.000 g
  5000 ms BG: Filtered temp 25.21 C
  5000 ms COMM: TX temp25.11C, filt25.21C, accel122986981226446848.000g
  5050 ms ACCEL: Accel reading 184480476134637568.000 g
  5100 ms TEMP: Temp reading 25.16 C
  5100 ms ACCEL: Accel reading 276720722791890944.000 g
  5150 ms ACCEL: Accel reading 415081101367705600.000 g
  5200 ms TEMP: Temp reading 25.07 C
  5200 ms ACCEL: Accel reading 622621686411296768.000 g
  5200 ms BG: Filtered temp 25.19 C
  5250 ms ACCEL: Accel reading 933932529616945152.000 g
  5300 ms TEMP: Temp reading 25.15 C
  5300 ms ACCEL: Accel reading 1400898760065679360.000 g
  5350 ms ACCEL: Accel reading 2101348140098519040.000 g
  5400 ms TEMP: Temp reading 25.21 C
  5400 ms ACCEL: Accel reading 3152022210147778560.000 g
  5400 ms BG: Filtered temp 25.19 C
  5450 ms ACCEL: Accel reading 4728033040343760896.000 g
  5500 ms TEMP: Temp reading 25.12 C
  5500 ms ACCEL: Accel reading 7092049560515641344.000 g
  5500 ms COMM: TX temp25.12C, filt25.19C, accel7092049560515641344.000g
  5550 ms ACCEL: Accel reading 10638074065895555072.000 g
  5600 ms TEMP: Temp reading 25.12 C
  5600 ms ACCEL: Accel reading 15957111098843332608.000 g
  5600 ms BG: Filtered temp 25.19 C
  5650 ms ACCEL: Accel reading 23935666648264998912.000 g
  5700 ms TEMP: Temp reading 25.11 C
  5700 ms ACCEL: Accel reading 35903501071909126144.000 g
  5750 ms ACCEL: Accel reading 53855249408840433664.000 g
  5800 ms TEMP: Temp reading 25.13 C
  5800 ms ACCEL: Accel reading 80782878511307161600.000 g
  5800 ms BG: Filtered temp 25.18 C
  5850 ms ACCEL: Accel reading 121174317766960742400.000 g
  5900 ms TEMP: Temp reading 25.04 C
  5900 ms ACCEL: Accel reading 181761481048487624704.000 g
  5950 ms ACCEL: Accel reading 272642221572731437056.000 g
  6000 ms TEMP: Temp reading 25.00 C
  6000 ms ACCEL: Accel reading 408963332359097155584.000 g
  6000 ms BG: Filtered temp 25.16 C
  6000 ms COMM: TX temp25.00C, filt25.16C, accel408963332359097155584.000g
  6050 ms ACCEL: Accel reading 613445016130831777792.000 g
  6100 ms TEMP: Temp reading 24.90 C
  6100 ms ACCEL: Accel reading 920167524196247666688.000 g
  6150 ms ACCEL: Accel reading 1380251251109999411200.000 g
  6200 ms TEMP: Temp reading 24.83 C
  6200 ms ACCEL: Accel reading 2070376806296254939136.000 g
  6200 ms BG: Filtered temp 25.13 C
  6250 ms ACCEL: Accel reading 3105565209444382408704.000 g
  6300 ms TEMP: Temp reading 24.81 C
  6300 ms ACCEL: Accel reading 4658347814166573613056.000 g
  6350 ms ACCEL: Accel reading 6987521721249860419584.000 g
  6400 ms TEMP: Temp reading 24.86 C
  6400 ms ACCEL: Accel reading 10481282581874790629376.000 g
  6400 ms BG: Filtered temp 25.10 C
  6450 ms ACCEL: Accel reading 15721924435762139365376.000 g
  6500 ms TEMP: Temp reading 24.91 C
  6500 ms ACCEL: Accel reading 23582887779543115890688.000 g
  6500 ms COMM: TX temp24.91C, filt25.10C, accel23582887779543115890688.000g
  6550 ms ACCEL: Accel reading 35374331669314673836032.000 g
  6600 ms TEMP: Temp reading 24.83 C
  6600 ms ACCEL: Accel reading 53061496378072103911424.000 g
  6600 ms BG: Filtered temp 25.08 C
  6650 ms ACCEL: Accel reading 79592242315308342181888.000 g
  6700 ms TEMP: Temp reading 24.93 C
  6700 ms ACCEL: Accel reading 119388363472962513272832.000 g
  6750 ms ACCEL: Accel reading 179082540705844142538752.000 g
  6800 ms TEMP: Temp reading 24.98 C
  6800 ms ACCEL: Accel reading 268623811058766213808128.000 g
  6800 ms BG: Filtered temp 25.07 C
  6850 ms ACCEL: Accel reading 402935725595348575453184.000 g
  6900 ms TEMP: Temp reading 25.07 C
  6900 ms ACCEL: Accel reading 604403606407421372661760.000 g
  6950 ms ACCEL: Accel reading 906605445639929077956608.000 g
  7000 ms TEMP: Temp reading 25.14 C
  7000 ms ACCEL: Accel reading 1359908096402299579006976.000 g
  7000 ms BG: Filtered temp 25.07 C
  7000 ms COMM: TX temp25.14C, filt25.07C, accel1359908096402299579006976.000g
  7050 ms ACCEL: Accel reading 2039862144603449368510464.000 g
  7100 ms TEMP: Temp reading 25.22 C
  7100 ms ACCEL: Accel reading 3059793144847580014837760.000 g
  7150 ms ACCEL: Accel reading 4589689717271370022256640.000 g
  7200 ms TEMP: Temp reading 25.24 C
  7200 ms ACCEL: Accel reading 6884534720022243109240832.000 g
  7200 ms BG: Filtered temp 25.09 C
  7250 ms ACCEL: Accel reading 10326802080033364663861248.000 g
  7300 ms TEMP: Temp reading 25.23 C
  7300 ms ACCEL: Accel reading 15490203696510799299215360.000 g
  7350 ms ACCEL: Accel reading 23235306697687703555670016.000 g
  7400 ms TEMP: Temp reading 25.24 C
  7400 ms ACCEL: Accel reading 34852960046531555333505024.000 g
  7400 ms BG: Filtered temp 25.11 C
  7450 ms ACCEL: Accel reading 52279437763954323786563584.000 g
  7500 ms TEMP: Temp reading 25.33 C
  7500 ms ACCEL: Accel reading 78419156645931485679845376.000 g
  7500 ms COMM: TX temp25.33C, filt25.11C, accel78419156645931485679845376.000g
  7550 ms ACCEL: Accel reading 117628734968897228519768064.000 g
  7600 ms TEMP: Temp reading 25.25 C
  7600 ms ACCEL: Accel reading 176443107065031861207040000.000 g
  7600 ms BG: Filtered temp 25.12 C
  7650 ms ACCEL: Accel reading 264664660597547791810560000.000 g
  7700 ms TEMP: Temp reading 25.31 C
  7700 ms ACCEL: Accel reading 396996990896321687715840000.000 g
  7750 ms ACCEL: Accel reading 595495504791226605283311616.000 g
  7800 ms TEMP: Temp reading 25.25 C
  7800 ms ACCEL: Accel reading 893243294080328055344070656.000 g
  7800 ms BG: Filtered temp 25.13 C
  7850 ms ACCEL: Accel reading 1339864941120492083016105984.000 g
  7900 ms TEMP: Temp reading 25.25 C
  7900 ms ACCEL: Accel reading 2009797411680738124524158976.000 g
  7950 ms ACCEL: Accel reading 3014696191308083481624444928.000 g
  8000 ms TEMP: Temp reading 25.31 C
  8000 ms ACCEL: Accel reading 4522044286962125222436667392.000 g
  8000 ms BG: Filtered temp 25.15 C
  8000 ms COMM: TX temp25.31C, filt25.15C, accel4522044286962125222436667392.000g
  8050 ms ACCEL: Accel reading 6783066725591093013007826944.000 g
  8100 ms TEMP: Temp reading 25.27 C
  8100 ms ACCEL: Accel reading 10174600678682449878217392128.000 g
  8150 ms ACCEL: Accel reading 15261901018023674817326088192.000 g
  8200 ms TEMP: Temp reading 25.23 C
  8200 ms ACCEL: Accel reading 22892852117331322584694784000.000 g
  8200 ms BG: Filtered temp 25.16 C
  8250 ms ACCEL: Accel reading 34339278175996983877042176000.000 g
  8300 ms TEMP: Temp reading 25.32 C
  8300 ms ACCEL: Accel reading 51508919625178717250385870848.000 g
  8350 ms ACCEL: Accel reading 77263379437768075875578806272.000 g
  8400 ms TEMP: Temp reading 25.31 C
  8400 ms ACCEL: Accel reading 115895071517835355248190816256.000 g
  8400 ms BG: Filtered temp 25.17 C
  8450 ms ACCEL: Accel reading 173842607276753032872286224384.000 g
  8500 ms TEMP: Temp reading 25.28 C
  8500 ms ACCEL: Accel reading 260763901470396583569138909184.000 g
  8500 ms COMM: TX temp25.28C, filt25.17C, accel260763901470396583569138909184.000g
  8550 ms ACCEL: Accel reading 391145833316128943875127508992.000 g
  8600 ms TEMP: Temp reading 25.20 C
  8600 ms ACCEL: Accel reading 586718749974193415812691263488.000 g
  8600 ms BG: Filtered temp 25.18 C
  8650 ms ACCEL: Accel reading 880078124961290123719036895232.000 g
  8700 ms TEMP: Temp reading 25.21 C
  8700 ms ACCEL: Accel reading 1320117225220867048535717052416.000 g
  8750 ms ACCEL: Accel reading 1980175762273436846889252159488.000 g
  8800 ms TEMP: Temp reading 25.24 C
  8800 ms ACCEL: Accel reading 2970263643410155270333878239232.000 g
  8800 ms BG: Filtered temp 25.18 C
  8850 ms ACCEL: Accel reading 4455395465115232905500817358848.000 g
  8900 ms TEMP: Temp reading 25.26 C
  8900 ms ACCEL: Accel reading 6683093046557121906422579200000.000 g
  8950 ms ACCEL: Accel reading 10024639569835682859633868800000.000 g
  9000 ms TEMP: Temp reading 25.32 C
  9000 ms ACCEL: Accel reading 15036959052522069385793509523456.000 g
  9000 ms BG: Filtered temp 25.20 C
  9000 ms COMM: TX temp25.32C, filt25.20C, accel15036959052522069385793509523456.000g
  9050 ms ACCEL: Accel reading 22555439183246013886004851638272.000 g
  9100 ms TEMP: Temp reading 25.34 C
  9100 ms ACCEL: Accel reading 33833157565943201214378102751232.000 g
  9150 ms ACCEL: Accel reading 50749738766766441050825503539200.000 g
  9200 ms TEMP: Temp reading 25.40 C
  9200 ms ACCEL: Accel reading 76124608150149661576238255308800.000 g
  9200 ms BG: Filtered temp 25.22 C
  9250 ms ACCEL: Accel reading 114186912225224492364357382963200.000 g
  9300 ms TEMP: Temp reading 25.31 C
  9300 ms ACCEL: Accel reading 171280378009243295463569472094208.000 g
  9350 ms ACCEL: Accel reading 256920567013864943195354208141312.000 g
  9400 ms TEMP: Temp reading 25.32 C
  9400 ms ACCEL: Accel reading 385380869863610528627098107510784.000 g
  9400 ms BG: Filtered temp 25.23 C
  9450 ms ACCEL: Accel reading 578071304795415792940647161266176.000 g
  9500 ms TEMP: Temp reading 25.25 C
  9500 ms ACCEL: Accel reading 867106976535936803245037537198080.000 g
  9500 ms COMM: TX temp25.25C, filt25.23C, accel867106976535936803245037537198080.000g
  9550 ms ACCEL: Accel reading 1300660426118278977199422715199488.000 g
  9600 ms TEMP: Temp reading 25.34 C
  9600 ms ACCEL: Accel reading 1950990716548670921135401253994496.000 g
  9600 ms BG: Filtered temp 25.24 C
  9650 ms ACCEL: Accel reading 2926485920080501471030567518601216.000 g
  9700 ms TEMP: Temp reading 25.32 C
  9700 ms ACCEL: Accel reading 4389728880120752206545851277901824.000 g
  9750 ms ACCEL: Accel reading 6584593165438623399146242554462208.000 g
  9800 ms TEMP: Temp reading 25.42 C
  9800 ms ACCEL: Accel reading 9876889748157935098719363831693312.000 g
  9800 ms BG: Filtered temp 25.26 C
  9850 ms ACCEL: Accel reading 14815334622236902648079045747539968.000 g
  9900 ms TEMP: Temp reading 25.51 C
  9900 ms ACCEL: Accel reading 22223001933355353972118568621309952.000 g
  9950 ms ACCEL: Accel reading 33334501662092991672797578032840704.000 g

Simulation summary:
Simulated time: 10.00 s
Total energy: 0.0022 J (2.25 mJ)
Average power: 0.22 mW
