     0 ms TEMP: Temp reading 24.94 C
     0 ms ACCEL: Accel reading -0.147 g
     0 ms BG: Filtered temp 24.99 C
     0 ms COMM: TX temp24.94C, filt24.99C, accel-0.147g
    50 ms ACCEL: Accel reading -0.141 g
   100 ms TEMP: Temp reading 24.98 C
   100 ms ACCEL: Accel reading -0.012 g
   150 ms ACCEL: Accel reading 0.147 g
   200 ms TEMP: Temp reading 25.04 C
   200 ms ACCEL: Accel reading 0.059 g
   200 ms BG: Filtered temp 25.00 C
   250 ms ACCEL: Accel reading 0.263 g
   300 ms TEMP: Temp reading 24.94 C
   300 ms ACCEL: Accel reading 0.400 g
   350 ms ACCEL: Accel reading 0.292 g
   400 ms TEMP: Temp reading 24.96 C
   400 ms ACCEL: Accel reading 0.366 g
   400 ms BG: Filtered temp 24.99 C
   450 ms ACCEL: Accel reading 0.264 g
   500 ms TEMP: Temp reading 24.87 C
   500 ms ACCEL: Accel reading 0.496 g
   500 ms COMM: TX temp24.87C, filt24.99C, accel0.496g
   550 ms ACCEL: Accel reading 0.375 g
   600 ms TEMP: Temp reading 24.82 C
   600 ms ACCEL: Accel reading 0.759 g
   600 ms BG: Filtered temp 24.98 C
   650 ms ACCEL: Accel reading 0.723 g
   700 ms TEMP: Temp reading 24.76 C
   700 ms ACCEL: Accel reading 0.645 g
   750 ms ACCEL: Accel reading 0.662 g
   800 ms TEMP: Temp reading 24.71 C
   800 ms ACCEL: Accel reading 0.615 g
   800 ms BG: Filtered temp 24.95 C
   850 ms ACCEL: Accel reading 0.830 g
   900 ms TEMP: Temp reading 24.79 C
   900 ms ACCEL: Accel reading 0.756 g
   950 ms ACCEL: Accel reading 0.646 g
  1000 ms TEMP: Temp reading 24.68 C
  1000 ms ACCEL: Accel reading 0.856 g
  1000 ms BG: Filtered temp 24.92 C
  1000 ms COMM: TX temp24.68C, filt24.92C, accel0.856g
  1050 ms ACCEL: Accel reading 0.992 g
  1100 ms TEMP: Temp reading 24.66 C
  1100 ms ACCEL: Accel reading 0.904 g
  1150 ms ACCEL: Accel reading 0.989 g
  1200 ms TEMP: Temp reading 24.64 C
  1200 ms ACCEL: Accel reading 0.881 g
  1200 ms BG: Filtered temp 24.90 C
  1250 ms ACCEL: Accel reading 0.946 g
  1300 ms TEMP: Temp reading 24.56 C
  1300 ms ACCEL: Accel reading 1.082 g
  1350 ms ACCEL: Accel reading 1.169 g
  1400 ms TEMP: Temp reading 24.49 C
  1400 ms ACCEL: Accel reading 0.866 g
  1400 ms BG: Filtered temp 24.85 C
  1450 ms ACCEL: Accel reading 0.799 g
  1500 ms TEMP: Temp reading 24.48 C
  1500 ms ACCEL: Accel reading 0.860 g
  1500 ms COMM: TX temp24.48C, filt24.85C, accel0.860g
  1550 ms ACCEL: Accel reading 1.035 g
  1600 ms TEMP: Temp reading 24.40 C
  1600 ms ACCEL: Accel reading 1.140 g
  1600 ms BG: Filtered temp 24.81 C
  1650 ms ACCEL: Accel reading 1.095 g
  1700 ms TEMP: Temp reading 24.37 C
  1700 ms ACCEL: Accel reading 1.180 g
  1750 ms ACCEL: Accel reading 0.896 g
  1800 ms TEMP: Temp reading 24.33 C
  1800 ms ACCEL: Accel reading 1.145 g
  1800 ms BG: Filtered temp 24.76 C
  1850 ms ACCEL: Accel reading 1.085 g
  1900 ms TEMP: Temp reading 24.31 C
  1900 ms ACCEL: Accel reading 0.829 g
  1950 ms ACCEL: Accel reading 0.821 g
  2000 ms TEMP: Temp reading 24.32 C
  2000 ms ACCEL: Accel reading 0.965 g
  2000 ms BG: Filtered temp 24.72 C
  2000 ms COMM: TX temp24.32C, filt24.72C, accel0.965g
  2050 ms ACCEL: Accel reading 0.952 g
  2100 ms TEMP: Temp reading 24.34 C
  2100 ms ACCEL: Accel reading 0.995 g
  2150 ms ACCEL: Accel reading 0.724 g
  2200 ms TEMP: Temp reading 24.28 C
  2200 ms ACCEL: Accel reading 0.862 g
  2200 ms BG: Filtered temp 24.67 C
  2250 ms ACCEL: Accel reading 0.971 g
  2300 ms TEMP: Temp reading 24.32 C
  2300 ms ACCEL: Accel reading 0.698 g
  2350 ms ACCEL: Accel reading 0.719 g
  2400 ms TEMP: Temp reading 24.29 C
  2400 ms ACCEL: Accel reading 0.755 g
  2400 ms BG: Filtered temp 24.63 C
  2450 ms ACCEL: Accel reading 0.635 g
  2500 ms TEMP: Temp reading 24.30 C
  2500 ms ACCEL: Accel reading 0.641 g
  2500 ms COMM: TX temp24.30C, filt24.63C, accel0.641g
  2550 ms ACCEL: Accel reading 0.717 g
  2600 ms TEMP: Temp reading 24.36 C
  2600 ms ACCEL: Accel reading 0.655 g
  2600 ms BG: Filtered temp 24.61 C
  2650 ms ACCEL: Accel reading 0.619 g
  2700 ms TEMP: Temp reading 24.39 C
  2700 ms ACCEL: Accel reading 0.325 g
  2750 ms ACCEL: Accel reading 0.451 g
  2800 ms TEMP: Temp reading 24.33 C
  2800 ms ACCEL: Accel reading 0.339 g
  2800 ms BG: Filtered temp 24.58 C
  2850 ms ACCEL: Accel reading 0.195 g
  2900 ms TEMP: Temp reading 24.42 C
  2900 ms ACCEL: Accel reading 0.106 g
  2950 ms ACCEL: Accel reading 0.008 g
  3000 ms TEMP: Temp reading 24.48 C
  3000 ms ACCEL: Accel reading 0.063 g
  3000 ms BG: Filtered temp 24.57 C
  3000 ms COMM: TX temp24.48C, filt24.57C, accel0.063g
  3050 ms ACCEL: Accel reading -0.029 g
  3100 ms TEMP: Temp reading 24.41 C
  3100 ms ACCEL: Accel reading -0.096 g
  3150 ms ACCEL: Accel reading 0.027 g
  3200 ms TEMP: Temp reading 24.34 C
  3200 ms ACCEL: Accel reading -0.098 g
  3200 ms BG: Filtered temp 24.55 C
  3250 ms ACCEL: Accel reading 0.023 g
  3300 ms TEMP: Temp reading 24.40 C
  3300 ms ACCEL: Accel reading -0.227 g
  3350 ms ACCEL: Accel reading -0.016 g
  3400 ms TEMP: Temp reading 24.39 C
  3400 ms ACCEL: Accel reading -0.427 g
  3400 ms BG: Filtered temp 24.53 C
  3450 ms ACCEL: Accel reading -0.301 g
  3500 ms TEMP: Temp reading 24.46 C
  3500 ms ACCEL: Accel reading -0.197 g
  3500 ms COMM: TX temp24.46C, filt24.53C, accel-0.197g
  3550 ms ACCEL: Accel reading -0.427 g
  3600 ms TEMP: Temp reading 24.48 C
  3600 ms ACCEL: Accel reading -0.390 g
  3600 ms BG: Filtered temp 24.53 C
  3650 ms ACCEL: Accel reading -0.499 g
  3700 ms TEMP: Temp reading 24.39 C
  3700 ms ACCEL: Accel reading -0.582 g
  3750 ms ACCEL: Accel reading -0.468 g
  3800 ms TEMP: Temp reading 24.34 C
  3800 ms ACCEL: Accel reading -0.697 g
  3800 ms BG: Filtered temp 24.51 C
  3850 ms ACCEL: Accel reading -0.487 g
  3900 ms TEMP: Temp reading 24.35 C
  3900 ms ACCEL: Accel reading -0.675 g
  3950 ms ACCEL: Accel reading -0.815 g
  4000 ms TEMP: Temp reading 24.40 C
  4000 ms ACCEL: Accel reading -0.581 g
  4000 ms BG: Filtered temp 24.50 C
  4000 ms COMM: TX temp24.40C, filt24.50C, accel-0.581g
  4050 ms ACCEL: Accel reading -0.964 g
  4100 ms TEMP: Temp reading 24.37 C
  4100 ms ACCEL: Accel reading -0.842 g
  4150 ms ACCEL: Accel reading -0.865 g
  4200 ms TEMP: Temp reading 24.42 C
  4200 ms ACCEL: Accel reading -1.034 g
  4200 ms BG: Filtered temp 24.49 C
  4250 ms ACCEL: Accel reading -1.054 g
  4300 ms TEMP: Temp reading 24.49 C
  4300 ms ACCEL: Accel reading -0.749 g
  4350 ms ACCEL: Accel reading -1.003 g
  4400 ms TEMP: Temp reading 24.45 C
  4400 ms ACCEL: Accel reading -1.015 g
  4400 ms BG: Filtered temp 24.48 C
  4450 ms ACCEL: Accel reading -1.106 g
  4500 ms TEMP: Temp reading 24.42 C
  4500 ms ACCEL: Accel reading -0.909 g
  4500 ms COMM: TX temp24.42C, filt24.48C, accel-0.909g
  4550 ms ACCEL: Accel reading -0.964 g
  4600 ms TEMP: Temp reading 24.44 C
  4600 ms ACCEL: Accel reading -1.076 g
  4600 ms BG: Filtered temp 24.48 C
  4650 ms ACCEL: Accel reading -1.148 g
  4700 ms TEMP: Temp reading 24.52 C
  4700 ms ACCEL: Accel reading -0.940 g
  4750 ms ACCEL: Accel reading -1.031 g
  4800 ms TEMP: Temp reading 24.57 C
  4800 ms ACCEL: Accel reading -0.807 g
  4800 ms BG: Filtered temp 24.49 C
  4850 ms ACCEL: Accel reading -0.905 g
  4900 ms TEMP: Temp reading 24.53 C
  4900 ms ACCEL: Accel reading -0.863 g
  4950 ms ACCEL: Accel reading -0.929 g
  5000 ms TEMP: Temp reading 24.63 C
  5000 ms ACCEL: Accel reading -0.775 g
  5000 ms BG: Filtered temp 24.50 C
  5000 ms COMM: TX temp24.63C, filt24.50C, accel-0.775g
  5050 ms ACCEL: Accel reading -1.007 g
  5100 ms TEMP: Temp reading 24.73 C
  5100 ms ACCEL: Accel reading -0.823 g
  5150 ms ACCEL: Accel reading -1.003 g
  5200 ms TEMP: Temp reading 24.77 C
  5200 ms ACCEL: Accel reading -0.752 g
  5200 ms BG: Filtered temp 24.53 C
  5250 ms ACCEL: Accel reading -0.821 g
  5300 ms TEMP: Temp reading 24.80 C
  5300 ms ACCEL: Accel reading -0.861 g
  5350 ms ACCEL: Accel reading -0.834 g
  5400 ms TEMP: Temp reading 24.79 C
  5400 ms ACCEL: Accel reading -0.965 g
  5400 ms BG: Filtered temp 24.56 C
  5450 ms ACCEL: Accel reading -0.761 g
  5500 ms TEMP: Temp reading 24.79 C
  5500 ms ACCEL: Accel reading -0.634 g
  5500 ms COMM: TX temp24.79C, filt24.56C, accel-0.634g
  5550 ms ACCEL: Accel reading -0.493 g
  5600 ms TEMP: Temp reading 24.80 C
  5600 ms ACCEL: Accel reading -0.637 g
  5600 ms BG: Filtered temp 24.58 C
  5650 ms ACCEL: Accel reading -0.774 g
  5700 ms TEMP: Temp reading 24.85 C
  5700 ms ACCEL: Accel reading -0.718 g
  5750 ms ACCEL: Accel reading -0.468 g
  5800 ms TEMP: Temp reading 24.90 C
  5800 ms ACCEL: Accel reading -0.396 g
  5800 ms BG: Filtered temp 24.61 C
  5850 ms ACCEL: Accel reading -0.530 g
  5900 ms TEMP: Temp reading 24.98 C
  5900 ms ACCEL: Accel reading -0.571 g
  5950 ms ACCEL: Accel reading -0.342 g
  6000 ms TEMP: Temp reading 25.01 C
  6000 ms ACCEL: Accel reading -0.226 g
  6000 ms BG: Filtered temp 24.65 C
  6000 ms COMM: TX temp25.01C, filt24.65C, accel-0.226g
  6050 ms ACCEL: Accel reading -0.218 g
  6100 ms TEMP: Temp reading 24.91 C
  6100 ms ACCEL: Accel reading -0.319 g
  6150 ms ACCEL: Accel reading -0.208 g
  6200 ms TEMP: Temp reading 24.89 C
  6200 ms ACCEL: Accel reading -0.228 g
  6200 ms BG: Filtered temp 24.67 C
  6250 ms ACCEL: Accel reading -0.136 g
  6300 ms TEMP: Temp reading 24.89 C
  6300 ms ACCEL: Accel reading -0.149 g
  6350 ms ACCEL: Accel reading 0.049 g
  6400 ms TEMP: Temp reading 24.94 C
  6400 ms ACCEL: Accel reading 0.160 g
  6400 ms BG: Filtered temp 24.70 C
  6450 ms ACCEL: Accel reading 0.278 g
  6500 ms TEMP: Temp reading 24.86 C
  6500 ms ACCEL: Accel reading 0.172 g
  6500 ms COMM: TX temp24.86C, filt24.70C, accel0.172g
  6550 ms ACCEL: Accel reading 0.128 g
  6600 ms TEMP: Temp reading 24.92 C
  6600 ms ACCEL: Accel reading 0.405 g
  6600 ms BG: Filtered temp 24.72 C
  6650 ms ACCEL: Accel reading 0.202 g
  6700 ms TEMP: Temp reading 24.84 C
  6700 ms ACCEL: Accel reading 0.478 g
  6750 ms ACCEL: Accel reading 0.360 g
  6800 ms TEMP: Temp reading 24.88 C
  6800 ms ACCEL: Accel reading 0.488 g
  6800 ms BG: Filtered temp 24.74 C
  6850 ms ACCEL: Accel reading 0.444 g
  6900 ms TEMP: Temp reading 24.93 C
  6900 ms ACCEL: Accel reading 0.515 g
  6950 ms ACCEL: Accel reading 0.814 g
  7000 ms TEMP: Temp reading 24.97 C
  7000 ms ACCEL: Accel reading 0.459 g
  7000 ms BG: Filtered temp 24.76 C
  7000 ms COMM: TX temp24.97C, filt24.76C, accel0.459g
  7050 ms ACCEL: Accel reading 0.776 g
  7100 ms TEMP: Temp reading 24.88 C
  7100 ms ACCEL: Accel reading 0.857 g
  7150 ms ACCEL: Accel reading 0.735 g
  7200 ms TEMP: Temp reading 24.91 C
  7200 ms ACCEL: Accel reading 0.614 g
  7200 ms BG: Filtered temp 24.78 C
  7250 ms ACCEL: Accel reading 0.777 g
  7300 ms TEMP: Temp reading 24.87 C
  7300 ms ACCEL: Accel reading 0.839 g
  7350 ms ACCEL: Accel reading 0.758 g
  7400 ms TEMP: Temp reading 24.89 C
  7400 ms ACCEL: Accel reading 0.964 g
  7400 ms BG: Filtered temp 24.79 C
  7450 ms ACCEL: Accel reading 0.873 g
  7500 ms TEMP: Temp reading 24.93 C
  7500 ms ACCEL: Accel reading 0.769 g
  7500 ms COMM: TX temp24.93C, filt24.79C, accel0.769g
  7550 ms ACCEL: Accel reading 1.143 g
  7600 ms TEMP: Temp reading 24.97 C
  7600 ms ACCEL: Accel reading 0.866 g
  7600 ms BG: Filtered temp 24.81 C
  7650 ms ACCEL: Accel reading 1.066 g
  7700 ms TEMP: Temp reading 24.94 C
  7700 ms ACCEL: Accel reading 0.995 g
  7750 ms ACCEL: Accel reading 0.938 g
  7800 ms TEMP: Temp reading 24.85 C
  7800 ms ACCEL: Accel reading 1.017 g
  7800 ms BG: Filtered temp 24.81 C
  7850 ms ACCEL: Accel reading 0.819 g
  7900 ms TEMP: Temp reading 24.86 C
  7900 ms ACCEL: Accel reading 0.821 g
  7950 ms ACCEL: Accel reading 0.902 g
  8000 ms TEMP: Temp reading 24.89 C
  8000 ms ACCEL: Accel reading 0.991 g
  8000 ms BG: Filtered temp 24.82 C
  8000 ms COMM: TX temp24.89C, filt24.82C, accel0.991g
  8050 ms ACCEL: Accel reading 1.113 g
  8100 ms TEMP: Temp reading 24.92 C
  8100 ms ACCEL: Accel reading 0.937 g
  8150 ms ACCEL: Accel reading 1.051 g
  8200 ms TEMP: Temp reading 24.88 C
  8200 ms ACCEL: Accel reading 0.980 g
  8200 ms BG: Filtered temp 24.82 C
  8250 ms ACCEL: Accel reading 0.886 g
  8300 ms TEMP: Temp reading 24.81 C
  8300 ms ACCEL: Accel reading 1.011 g
  8350 ms ACCEL: Accel reading 1.016 g
  8400 ms TEMP: Temp reading 24.86 C
  8400 ms ACCEL: Accel reading 0.662 g
  8400 ms BG: Filtered temp 24.83 C
  8450 ms ACCEL: Accel reading 0.870 g
  8500 ms TEMP: Temp reading 24.80 C
  8500 ms ACCEL: Accel reading 0.890 g
  8500 ms COMM: TX temp24.80C, filt24.83C, accel0.890g
  8550 ms ACCEL: Accel reading 0.704 g
  8600 ms TEMP: Temp reading 24.86 C
  8600 ms ACCEL: Accel reading 0.713 g
  8600 ms BG: Filtered temp 24.83 C
  8650 ms ACCEL: Accel reading 0.573 g
  8700 ms TEMP: Temp reading 24.80 C
  8700 ms ACCEL: Accel reading 0.822 g
  8750 ms ACCEL: Accel reading 0.703 g
  8800 ms TEMP: Temp reading 24.74 C
  8800 ms ACCEL: Accel reading 0.666 g
  8800 ms BG: Filtered temp 24.82 C
  8850 ms ACCEL: Accel reading 0.363 g
  8900 ms TEMP: Temp reading 24.82 C
  8900 ms ACCEL: Accel reading 0.372 g
  8950 ms ACCEL: Accel reading 0.401 g
  9000 ms TEMP: Temp reading 24.85 C
  9000 ms ACCEL: Accel reading 0.582 g
  9000 ms BG: Filtered temp 24.83 C
  9000 ms COMM: TX temp24.85C, filt24.83C, accel0.582g
  9050 ms ACCEL: Accel reading 0.186 g
  9100 ms TEMP: Temp reading 24.80 C
  9100 ms ACCEL: Accel reading 0.401 g
  9150 ms ACCEL: Accel reading 0.132 g
  9200 ms TEMP: Temp reading 24.75 C
  9200 ms ACCEL: Accel reading 0.377 g
  9200 ms BG: Filtered temp 24.82 C
  9250 ms ACCEL: Accel reading 0.150 g
  9300 ms TEMP: Temp reading 24.80 C
  9300 ms ACCEL: Accel reading 0.002 g
  9350 ms ACCEL: Accel reading 0.005 g
  9400 ms TEMP: Temp reading 24.71 C
  9400 ms ACCEL: Accel reading -0.125 g
  9400 ms BG: Filtered temp 24.81 C
  9450 ms ACCEL: Accel reading 0.093 g
  9500 ms TEMP: Temp reading 24.64 C
  9500 ms ACCEL: Accel reading -0.244 g
  9500 ms COMM: TX temp24.64C, filt24.81C, accel-0.244g
  9550 ms ACCEL: Accel reading -0.095 g
  9600 ms TEMP: Temp reading 24.55 C
  9600 ms ACCEL: Accel reading -0.163 g
  9600 ms BG: Filtered temp 24.78 C
  9650 ms ACCEL: Accel reading -0.406 g
  9700 ms TEMP: Temp reading 24.51 C
  9700 ms ACCEL: Accel reading -0.092 g
  9750 ms ACCEL: Accel reading -0.336 g
  9800 ms TEMP: Temp reading 24.54 C
  9800 ms ACCEL: Accel reading -0.440 g
  9800 ms BG: Filtered temp 24.76 C
  9850 ms ACCEL: Accel reading -0.246 g
  9900 ms TEMP: Temp reading 24.52 C
  9900 ms ACCEL: Accel reading -0.477 g
  9950 ms ACCEL: Accel reading -0.314 g

Simulation summary:
Simulated time: 10.00 s
Total energy: 0.0022 J (2.25 mJ)
Average power: 0.22 mW
