     0 ms TEMP: Temp reading 25.01 C
     0 ms ACCEL: Accel reading 0.075 g
     0 ms BG: Filtered temp 25.00 C
     0 ms COMM: TX pkt@0 temp25.01C filt0.00C accel0.000g
    50 ms ACCEL: Accel reading 0.138 g
   100 ms TEMP: Temp reading 24.92 C
   100 ms ACCEL: Accel reading -0.096 g
   150 ms ACCEL: Accel reading 0.325 g
   200 ms TEMP: Temp reading 25.00 C
   200 ms ACCEL: Accel reading 0.099 g
   200 ms BG: Filtered temp 25.00 C
   250 ms ACCEL: Accel reading 0.325 g
   300 ms TEMP: Temp reading 25.10 C
   300 ms ACCEL: Accel reading 0.485 g
   350 ms ACCEL: Accel reading 0.541 g
   400 ms TEMP: Temp reading 25.03 C
   400 ms ACCEL: Accel reading 0.320 g
   400 ms BG: Filtered temp 25.00 C
   450 ms ACCEL: Accel reading 0.407 g
   500 ms TEMP: Temp reading 24.95 C
   500 ms ACCEL: Accel reading 0.477 g
   500 ms COMM: TX pkt@0 temp0.00C filt0.00C accel0.075g
   550 ms ACCEL: Accel reading 0.362 g
   600 ms TEMP: Temp reading 24.96 C
   600 ms ACCEL: Accel reading 0.690 g
   600 ms BG: Filtered temp 25.00 C
   650 ms ACCEL: Accel reading 0.602 g
   700 ms TEMP: Temp reading 25.06 C
   700 ms ACCEL: Accel reading 0.457 g
   750 ms ACCEL: Accel reading 0.506 g
   800 ms TEMP: Temp reading 25.01 C
   800 ms ACCEL: Accel reading 0.897 g
   800 ms BG: Filtered temp 25.00 C
   850 ms ACCEL: Accel reading 0.834 g
   900 ms TEMP: Temp reading 24.97 C
   900 ms ACCEL: Accel reading 0.969 g
   950 ms ACCEL: Accel reading 0.663 g
  1000 ms TEMP: Temp reading 24.93 C
  1000 ms ACCEL: Accel reading 0.703 g
  1000 ms BG: Filtered temp 24.99 C
  1000 ms COMM: TX pkt@0 temp0.00C filt25.00C accel0.000g
  1050 ms ACCEL: Accel reading 0.914 g
  1100 ms TEMP: Temp reading 25.02 C
  1100 ms ACCEL: Accel reading 1.034 g
  1150 ms ACCEL: Accel reading 0.889 g
  1200 ms TEMP: Temp reading 24.92 C
  1200 ms ACCEL: Accel reading 1.110 g
  1200 ms BG: Filtered temp 24.99 C
  1250 ms ACCEL: Accel reading 0.858 g
  1300 ms TEMP: Temp reading 24.93 C
  1300 ms ACCEL: Accel reading 0.805 g
  1350 ms ACCEL: Accel reading 1.116 g
  1400 ms TEMP: Temp reading 25.02 C
  1400 ms ACCEL: Accel reading 1.073 g
  1400 ms BG: Filtered temp 24.99 C
  1450 ms ACCEL: Accel reading 1.174 g
  1500 ms TEMP: Temp reading 25.05 C
  1500 ms ACCEL: Accel reading 1.056 g
  1500 ms COMM: TX pkt@50 temp0.00C filt0.00C accel0.138g
  1550 ms ACCEL: Accel reading 1.188 g
  1600 ms TEMP: Temp reading 24.96 C
  1600 ms ACCEL: Accel reading 0.895 g
  1600 ms BG: Filtered temp 24.99 C
  1650 ms ACCEL: Accel reading 1.191 g
  1700 ms TEMP: Temp reading 24.92 C
  1700 ms ACCEL: Accel reading 1.118 g
  1750 ms ACCEL: Accel reading 0.946 g
  1800 ms TEMP: Temp reading 24.87 C
  1800 ms ACCEL: Accel reading 1.151 g
  1800 ms BG: Filtered temp 24.97 C
  1850 ms ACCEL: Accel reading 0.862 g
  1900 ms TEMP: Temp reading 24.93 C
  1900 ms ACCEL: Accel reading 1.007 g
  1950 ms ACCEL: Accel reading 0.952 g
  2000 ms TEMP: Temp reading 24.84 C
  2000 ms ACCEL: Accel reading 0.959 g
  2000 ms BG: Filtered temp 24.96 C
  2000 ms COMM: TX pkt@100 temp24.92C filt0.00C accel0.000g
  2050 ms ACCEL: Accel reading 0.979 g
  2100 ms TEMP: Temp reading 24.85 C
  2100 ms ACCEL: Accel reading 0.979 g
  2150 ms ACCEL: Accel reading 0.914 g
  2200 ms TEMP: Temp reading 24.93 C
  2200 ms ACCEL: Accel reading 0.906 g
  2200 ms BG: Filtered temp 24.96 C
  2250 ms ACCEL: Accel reading 0.722 g
  2300 ms TEMP: Temp reading 24.87 C
  2300 ms ACCEL: Accel reading 0.944 g
  2350 ms ACCEL: Accel reading 0.779 g
  2400 ms TEMP: Temp reading 24.97 C
  2400 ms ACCEL: Accel reading 0.566 g
  2400 ms BG: Filtered temp 24.96 C
  2450 ms ACCEL: Accel reading 0.781 g
  2500 ms TEMP: Temp reading 25.00 C
  2500 ms ACCEL: Accel reading 0.758 g
  2500 ms COMM: TX pkt@100 temp0.00C filt0.00C accel-0.096g
  2550 ms ACCEL: Accel reading 0.650 g
  2600 ms TEMP: Temp reading 24.93 C
  2600 ms ACCEL: Accel reading 0.570 g
  2600 ms BG: Filtered temp 24.96 C
  2650 ms ACCEL: Accel reading 0.524 g
  2700 ms TEMP: Temp reading 24.89 C
  2700 ms ACCEL: Accel reading 0.394 g
  2750 ms ACCEL: Accel reading 0.343 g
  2800 ms TEMP: Temp reading 24.90 C
  2800 ms ACCEL: Accel reading 0.504 g
  2800 ms BG: Filtered temp 24.95 C
  2850 ms ACCEL: Accel reading 0.475 g
  2900 ms TEMP: Temp reading 24.82 C
  2900 ms ACCEL: Accel reading 0.080 g
  2950 ms ACCEL: Accel reading 0.209 g
  3000 ms TEMP: Temp reading 24.78 C
  3000 ms ACCEL: Accel reading 0.338 g
  3000 ms BG: Filtered temp 24.93 C
  3000 ms COMM: TX pkt@150 temp0.00C filt0.00C accel0.325g
  3050 ms ACCEL: Accel reading 0.040 g
  3100 ms TEMP: Temp reading 24.75 C
  3100 ms ACCEL: Accel reading 0.082 g
  3150 ms ACCEL: Accel reading 0.038 g
  3200 ms TEMP: Temp reading 24.69 C
  3200 ms ACCEL: Accel reading -0.118 g
  3200 ms BG: Filtered temp 24.91 C
  3250 ms ACCEL: Accel reading -0.004 g
  3300 ms TEMP: Temp reading 24.73 C
  3300 ms ACCEL: Accel reading -0.071 g
  3350 ms ACCEL: Accel reading -0.105 g
  3400 ms TEMP: Temp reading 24.83 C
  3400 ms ACCEL: Accel reading -0.330 g
  3400 ms BG: Filtered temp 24.90 C
  3450 ms ACCEL: Accel reading -0.315 g
  3500 ms TEMP: Temp reading 24.83 C
  3500 ms ACCEL: Accel reading -0.500 g
  3500 ms COMM: TX pkt@200 temp25.00C filt0.00C accel0.000g
  3550 ms ACCEL: Accel reading -0.433 g
  3600 ms TEMP: Temp reading 24.80 C
  3600 ms ACCEL: Accel reading -0.513 g
  3600 ms BG: Filtered temp 24.89 C
  3650 ms ACCEL: Accel reading -0.657 g
  3700 ms TEMP: Temp reading 24.74 C
  3700 ms ACCEL: Accel reading -0.350 g
  3750 ms ACCEL: Accel reading -0.665 g
  3800 ms TEMP: Temp reading 24.82 C
  3800 ms ACCEL: Accel reading -0.710 g
  3800 ms BG: Filtered temp 24.88 C
  3850 ms ACCEL: Accel reading -0.796 g
  3900 ms TEMP: Temp reading 24.86 C
  3900 ms ACCEL: Accel reading -0.588 g
  3950 ms ACCEL: Accel reading -0.908 g
  4000 ms TEMP: Temp reading 24.78 C
  4000 ms ACCEL: Accel reading -0.571 g
  4000 ms BG: Filtered temp 24.87 C
  4000 ms COMM: TX pkt@200 temp0.00C filt0.00C accel0.099g
  4050 ms ACCEL: Accel reading -0.597 g
  4100 ms TEMP: Temp reading 24.68 C
  4100 ms ACCEL: Accel reading -0.953 g
  4150 ms ACCEL: Accel reading -0.799 g
  4200 ms TEMP: Temp reading 24.72 C
  4200 ms ACCEL: Accel reading -0.937 g
  4200 ms BG: Filtered temp 24.86 C
  4250 ms ACCEL: Accel reading -0.881 g
  4300 ms TEMP: Temp reading 24.80 C
  4300 ms ACCEL: Accel reading -0.790 g
  4350 ms ACCEL: Accel reading -0.976 g
  4400 ms TEMP: Temp reading 24.80 C
  4400 ms ACCEL: Accel reading -0.850 g
  4400 ms BG: Filtered temp 24.85 C
  4450 ms ACCEL: Accel reading -0.976 g
  4500 ms TEMP: Temp reading 24.78 C
  4500 ms ACCEL: Accel reading -0.922 g
  4500 ms COMM: TX pkt@200 temp0.00C filt25.00C accel0.000g
  4550 ms ACCEL: Accel reading -0.972 g
  4600 ms TEMP: Temp reading 24.74 C
  4600 ms ACCEL: Accel reading -1.169 g
  4600 ms BG: Filtered temp 24.84 C
  4650 ms ACCEL: Accel reading -1.173 g
  4700 ms TEMP: Temp reading 24.82 C
  4700 ms ACCEL: Accel reading -1.104 g
  4750 ms ACCEL: Accel reading -0.926 g
  4800 ms TEMP: Temp reading 24.79 C
  4800 ms ACCEL: Accel reading -0.933 g
  4800 ms BG: Filtered temp 24.84 C
  4850 ms ACCEL: Accel reading -0.830 g
  4900 ms TEMP: Temp reading 24.70 C
  4900 ms ACCEL: Accel reading -1.069 g
  4950 ms ACCEL: Accel reading -1.052 g
  5000 ms TEMP: Temp reading 24.77 C
  5000 ms ACCEL: Accel reading -0.902 g
  5000 ms BG: Filtered temp 24.83 C
  5000 ms COMM: TX pkt@250 temp0.00C filt0.00C accel0.325g
  5050 ms ACCEL: Accel reading -0.944 g
  5100 ms TEMP: Temp reading 24.77 C
  5100 ms ACCEL: Accel reading -0.769 g
  5150 ms ACCEL: Accel reading -1.028 g
  5200 ms TEMP: Temp reading 24.84 C
  5200 ms ACCEL: Accel reading -0.997 g
  5200 ms BG: Filtered temp 24.83 C
  5250 ms ACCEL: Accel reading -0.687 g
  5300 ms TEMP: Temp reading 24.91 C
  5300 ms ACCEL: Accel reading -0.749 g
  5350 ms ACCEL: Accel reading -0.843 g
  5400 ms TEMP: Temp reading 24.94 C
  5400 ms ACCEL: Accel reading -0.636 g
  5400 ms BG: Filtered temp 24.84 C
  5450 ms ACCEL: Accel reading -0.817 g
  5500 ms TEMP: Temp reading 24.89 C
  5500 ms ACCEL: Accel reading -0.760 g
  5500 ms COMM: TX pkt@300 temp25.10C filt0.00C accel0.000g
  5550 ms ACCEL: Accel reading -0.561 g
  5600 ms TEMP: Temp reading 24.89 C
  5600 ms ACCEL: Accel reading -0.584 g
  5600 ms BG: Filtered temp 24.85 C
  5650 ms ACCEL: Accel reading -0.604 g
  5700 ms TEMP: Temp reading 24.84 C
  5700 ms ACCEL: Accel reading -0.654 g
  5750 ms ACCEL: Accel reading -0.595 g
  5800 ms TEMP: Temp reading 24.88 C
  5800 ms ACCEL: Accel reading -0.523 g
  5800 ms BG: Filtered temp 24.85 C
  5850 ms ACCEL: Accel reading -0.490 g
  5900 ms TEMP: Temp reading 24.92 C
  5900 ms ACCEL: Accel reading -0.549 g
  5950 ms ACCEL: Accel reading -0.301 g
  6000 ms TEMP: Temp reading 24.92 C
  6000 ms ACCEL: Accel reading -0.090 g
  6000 ms BG: Filtered temp 24.86 C
  6000 ms COMM: TX pkt@300 temp0.00C filt0.00C accel0.485g
  6050 ms ACCEL: Accel reading -0.230 g
  6100 ms TEMP: Temp reading 24.92 C
  6100 ms ACCEL: Accel reading -0.126 g
  6150 ms ACCEL: Accel reading -0.174 g
  6200 ms TEMP: Temp reading 24.95 C
  6200 ms ACCEL: Accel reading 0.087 g
  6200 ms BG: Filtered temp 24.87 C
  6250 ms ACCEL: Accel reading -0.054 g
  6300 ms TEMP: Temp reading 24.90 C
  6300 ms ACCEL: Accel reading 0.164 g
  6350 ms ACCEL: Accel reading -0.014 g
  6400 ms TEMP: Temp reading 24.83 C
  6400 ms ACCEL: Accel reading -0.015 g
  6400 ms BG: Filtered temp 24.86 C
  6450 ms ACCEL: Accel reading 0.122 g
  6500 ms TEMP: Temp reading 24.78 C
  6500 ms ACCEL: Accel reading 0.023 g
  6500 ms COMM: TX pkt@350 temp0.00C filt0.00C accel0.541g
  6550 ms ACCEL: Accel reading 0.298 g
  6600 ms TEMP: Temp reading 24.85 C
  6600 ms ACCEL: Accel reading 0.507 g
  6600 ms BG: Filtered temp 24.86 C
  6650 ms ACCEL: Accel reading 0.321 g
  6700 ms TEMP: Temp reading 24.91 C
  6700 ms ACCEL: Accel reading 0.475 g
  6750 ms ACCEL: Accel reading 0.430 g
  6800 ms TEMP: Temp reading 24.98 C
  6800 ms ACCEL: Accel reading 0.529 g
  6800 ms BG: Filtered temp 24.87 C
  6850 ms ACCEL: Accel reading 0.374 g
  6900 ms TEMP: Temp reading 24.96 C
  6900 ms ACCEL: Accel reading 0.673 g
  6950 ms ACCEL: Accel reading 0.694 g
  7000 ms TEMP: Temp reading 24.94 C
  7000 ms ACCEL: Accel reading 0.573 g
  7000 ms BG: Filtered temp 24.88 C
  7000 ms COMM: TX pkt@400 temp25.03C filt0.00C accel0.000g
  7050 ms ACCEL: Accel reading 0.597 g
  7100 ms TEMP: Temp reading 24.90 C
  7100 ms ACCEL: Accel reading 0.828 g
  7150 ms ACCEL: Accel reading 0.703 g
  7200 ms TEMP: Temp reading 24.89 C
  7200 ms ACCEL: Accel reading 0.884 g
  7200 ms BG: Filtered temp 24.88 C
  7250 ms ACCEL: Accel reading 0.705 g
  7300 ms TEMP: Temp reading 24.85 C
  7300 ms ACCEL: Accel reading 0.913 g
  7350 ms ACCEL: Accel reading 0.893 g
  7400 ms TEMP: Temp reading 24.87 C
  7400 ms ACCEL: Accel reading 1.005 g
  7400 ms BG: Filtered temp 24.88 C
  7450 ms ACCEL: Accel reading 0.760 g
  7500 ms TEMP: Temp reading 24.89 C
  7500 ms ACCEL: Accel reading 0.989 g
  7500 ms COMM: TX pkt@400 temp0.00C filt0.00C accel0.320g
  7550 ms ACCEL: Accel reading 0.907 g
  7600 ms TEMP: Temp reading 24.79 C
  7600 ms ACCEL: Accel reading 0.953 g
  7600 ms BG: Filtered temp 24.87 C
  7650 ms ACCEL: Accel reading 1.083 g
  7700 ms TEMP: Temp reading 24.85 C
  7700 ms ACCEL: Accel reading 1.159 g
  7750 ms ACCEL: Accel reading 1.106 g
  7800 ms TEMP: Temp reading 24.77 C
  7800 ms ACCEL: Accel reading 1.013 g
  7800 ms BG: Filtered temp 24.86 C
  7850 ms ACCEL: Accel reading 0.881 g
  7900 ms TEMP: Temp reading 24.84 C
  7900 ms ACCEL: Accel reading 1.138 g
  7950 ms ACCEL: Accel reading 1.058 g
  8000 ms TEMP: Temp reading 24.82 C
  8000 ms ACCEL: Accel reading 1.107 g
  8000 ms BG: Filtered temp 24.86 C
  8000 ms COMM: TX pkt@550 temp25.01C filt0.00C accel0.362g
  8050 ms ACCEL: Accel reading 1.043 g
  8100 ms TEMP: Temp reading 24.81 C
  8100 ms ACCEL: Accel reading 0.932 g
  8150 ms ACCEL: Accel reading 0.769 g
  8200 ms TEMP: Temp reading 24.89 C
  8200 ms ACCEL: Accel reading 1.119 g
  8200 ms BG: Filtered temp 24.86 C
  8250 ms ACCEL: Accel reading 1.082 g
  8300 ms TEMP: Temp reading 24.89 C
  8300 ms ACCEL: Accel reading 0.929 g
  8350 ms ACCEL: Accel reading 0.773 g
  8400 ms TEMP: Temp reading 24.86 C
  8400 ms ACCEL: Accel reading 0.929 g
  8400 ms BG: Filtered temp 24.86 C
  8450 ms ACCEL: Accel reading 0.684 g
  8500 ms TEMP: Temp reading 24.89 C
  8500 ms ACCEL: Accel reading 0.933 g
  8500 ms COMM: TX pkt@1050 temp0.00C filt0.00C accel0.914g
  8550 ms ACCEL: Accel reading 0.829 g
  8600 ms TEMP: Temp reading 24.82 C
  8600 ms ACCEL: Accel reading 0.674 g
  8600 ms BG: Filtered temp 24.86 C
  8650 ms ACCEL: Accel reading 0.721 g
  8700 ms TEMP: Temp reading 24.76 C
  8700 ms ACCEL: Accel reading 0.762 g
  8750 ms ACCEL: Accel reading 0.474 g
  8800 ms TEMP: Temp reading 24.70 C
  8800 ms ACCEL: Accel reading 0.451 g
  8800 ms BG: Filtered temp 24.84 C
  8850 ms ACCEL: Accel reading 0.452 g
  8900 ms TEMP: Temp reading 24.70 C
  8900 ms ACCEL: Accel reading 0.457 g
  8950 ms ACCEL: Accel reading 0.405 g
  9000 ms TEMP: Temp reading 24.74 C
  9000 ms ACCEL: Accel reading 0.312 g
  9000 ms BG: Filtered temp 24.83 C
  9000 ms COMM: TX pkt@1550 temp0.00C filt25.00C accel1.188g
  9050 ms ACCEL: Accel reading 0.202 g
  9100 ms TEMP: Temp reading 24.63 C
  9100 ms ACCEL: Accel reading 0.440 g
  9150 ms ACCEL: Accel reading 0.153 g
  9200 ms TEMP: Temp reading 24.55 C
  9200 ms ACCEL: Accel reading 0.163 g
  9200 ms BG: Filtered temp 24.80 C
  9250 ms ACCEL: Accel reading 0.260 g
  9300 ms TEMP: Temp reading 24.60 C
  9300 ms ACCEL: Accel reading -0.074 g
  9350 ms ACCEL: Accel reading -0.018 g
  9400 ms TEMP: Temp reading 24.69 C
  9400 ms ACCEL: Accel reading 0.104 g
  9400 ms BG: Filtered temp 24.79 C
  9450 ms ACCEL: Accel reading -0.120 g
  9500 ms TEMP: Temp reading 24.70 C
  9500 ms ACCEL: Accel reading -0.015 g
  9500 ms COMM: TX pkt@2050 temp0.00C filt0.00C accel0.979g
  9550 ms ACCEL: Accel reading 0.006 g
  9600 ms TEMP: Temp reading 24.79 C
  9600 ms ACCEL: Accel reading -0.098 g
  9600 ms BG: Filtered temp 24.79 C
  9650 ms ACCEL: Accel reading -0.205 g
  9700 ms TEMP: Temp reading 24.70 C
  9700 ms ACCEL: Accel reading -0.163 g
  9750 ms ACCEL: Accel reading -0.452 g
  9800 ms TEMP: Temp reading 24.71 C
  9800 ms ACCEL: Accel reading -0.556 g
  9800 ms BG: Filtered temp 24.78 C
  9850 ms ACCEL: Accel reading -0.362 g
  9900 ms TEMP: Temp reading 24.80 C
  9900 ms ACCEL: Accel reading -0.466 g
  9950 ms ACCEL: Accel reading -0.644 g

Simulation summary:
Simulated time: 10.00 s
Total energy: 0.0022 J (2.25 mJ)
Average power: 0.22 mW

=== Timing Analysis ===
CPU utilization: 2.0% (idle 98.0%)
sensor_temp: avg exec 1000µs, resp 0µs, jitter σ=0µs, misses 100.0%
sensor_accel: avg exec 1000µs, resp 0µs, jitter σ=0µs, misses 100.0%
background: avg exec 1000µs, resp 0µs, jitter σ=0µs, misses 100.0%
comm_uart: avg exec 1000µs, resp 0µs, jitter σ=0µs, misses 0.0%
TX buffer: drops=315, util=94%
